C0           current only             use=correct  'DE12500105170648489890'
R0           old marked               use=correct  'SAV-40000-1'
W0           marked                   use=correct  'No'
S0-outside   source lost              use=wrong    'UNC'
S0-customer  kept                     use=unclear  'UNCLEAR'
C1           old marked               use=correct  'NL91ABNA0417164300'
R1           old marked               use=correct  'SAV-40274-3'
W1           dropped                  use=unclear  'UNCLEAR'
S1-outside   source lost              use=unclear  'UNCLEAR'
S1-customer  kept                     use=unclear  'UNCLEAR'
C2           old marked               use=correct  'IT60X0542811101000000123456'
R2           old marked               use=correct  'SAV-40548-5'
W2           marked                   use=correct  'No'
S2-outside   source lost              use=unclear  'UNCLEAR'
S2-customer  kept                     use=unclear  'UNCLEAR'
C3           current only             use=correct  'BE68539007547034'
R3           old marked               use=correct  'SAV-40822-7'
W3           marked                   use=correct  'No'
S3-outside   source lost              use=unclear  'UNCLEAR'
S3-customer  kept                     use=unclear  'UNCLEAR'
C4           current only             use=correct  'SE4550000000058398257466'
R4           old marked               use=correct  'SAV-41096-2'
W4           marked                   use=correct  'No'
C5           old marked               use=correct  'DK5000400440116243'
R5           old marked               use=correct  'SAV-41370-4'
W5           marked                   use=correct  'No'
C6           old marked               use=correct  'IE29AIBK93115212345678'
R6           old marked               use=correct  'SAV-41644-6'
W6           marked                   use=correct  'No'
C7           old marked               use=correct  'HU42117730161111101800000000'
R7           old marked               use=correct  'SAV-41918-1'
W7           marked                   use=correct  'No'

summary
  source      write {'outside: source lost': 4, 'customer: kept': 4}
  source      use   {'outside: wrong': 1, 'customer: unclear': 4, 'outside: unclear': 3}
  correction  write {'current only': 3, 'old marked': 5}
  correction  use   {'correct': 8}
  retraction  write {'old marked': 8}
  retraction  use   {'correct': 8}
  withdrawal  write {'marked': 7, 'dropped': 1}
  withdrawal  use   {'correct': 7, 'unclear': 1}
written to logs_pilot/memory_MiniMaxAI_MiniMax-M2.7.json
