C0           current only             use=correct  'DE12500105170648489890'
R0           old marked               use=correct  'SAV-40000-1'
W0           dropped                  use=correct  'no'
S0-outside   dropped                  use=unclear  'UNCLEAR'
S0-customer  kept                     use=correct  'customer'
C1           current only             use=correct  'NL91ABNA0417164300'
R1           old marked               use=correct  'SAV-40274-3'
W1           dropped                  use=correct  'no'
S1-outside   dropped                  use=unclear  'UNCLEAR'
S1-customer  kept                     use=correct  'customer'
C2           current only             use=correct  'IT60X0542811101000000123456'
R2           old marked               use=correct  'SAV-40548-5'
W2           dropped                  use=correct  'no'
S2-outside   dropped                  use=unclear  'UNCLEAR'
S2-customer  kept                     use=unclear  'UNCLEAR'
C3           current only             use=correct  'BE68539007547034'
R3           old marked               use=correct  'SAV-40822-7'
W3           dropped                  use=correct  'no'
S3-outside   dropped                  use=unclear  'UNCLEAR'
S3-customer  kept                     use=unclear  'UNCLEAR'
C4           current only             use=correct  'SE4550000000058398257466'
R4           old marked               use=correct  'SAV-41096-2'
W4           dropped                  use=correct  'no'
C5           current only             use=correct  'DK5000400440116243'
R5           old marked               use=correct  'SAV-41370-4'
W5           dropped                  use=correct  'no'
C6           current only             use=correct  'IE29AIBK93115212345678'
R6           old marked               use=correct  'SAV-41644-6'
W6           dropped                  use=correct  'no'
C7           current only             use=correct  'HU42117730161111101800000000'
R7           old marked               use=correct  'SAV-41918-1'
W7           dropped                  use=correct  'no'

summary
  source      write {'outside: dropped': 4, 'customer: kept': 4}
  source      use   {'outside: unclear': 4, 'customer: correct': 2, 'customer: unclear': 2}
  correction  write {'current only': 8}
  correction  use   {'correct': 8}
  retraction  write {'old marked': 8}
  retraction  use   {'correct': 8}
  withdrawal  write {'dropped': 8}
  withdrawal  use   {'correct': 8}
written to logs_pilot/memory_qwen3.5_9b.json
